---
source: tests/integration/image/tag.rs
expression: body

---
{
  "image_tags": [
    {
      "index": 0,
      "display_name": "test"
    },
    {
      "index": 1,
      "display_name": "B"
    },
    {
      "index": 2,
      "display_name": "C"
    }
  ]
}
