---
source: tests/integration/jig/module.rs
expression: body

---
{
  "module": {
    "id": "[id]",
    "body": {
      "cover": {
        "content": null
      }
    },
    "is_complete": false,
    "is_updated": false,
    "created_at": "[created_at]",
    "updated_at": "[updated_at]"
  }
}
