---
source: tests/integration/jig/module.rs
expression: body
---
{
  "id": "[id]",
  "stable_id": "[stable_id]",
  "kind": "Cover",
  "is_complete": false
}
