---
source: tests/integration/jig/player.rs
expression: body

---
{
  "playCount": 1
}
