---
source: tests/integration/jig/player.rs
expression: body

---
{
  "sessions": [
    {
      "index": 1237,
      "settings": {
        "direction": "rtl",
        "displayScore": false,
        "trackAssessments": false,
        "dragAssist": false
      }
    }
  ]
}
