---
source: tests/integration/course/unit.rs
expression: body
---
{
  "id": "[id]"
}
