---
source: tests/integration/user.rs
expression: body

---
{
  "csrf": "[csrf]"
}
