---
source: tests/integration/resource.rs
expression: body
---
{
  "id": "[id]",
  "publishedAt": "[published_at]",
  "creatorId": "1f241e1b-b537-493f-a230-075cb16315be",
  "authorId": "1f241e1b-b537-493f-a230-075cb16315be",
  "authorName": "Bobby Tables",
  "likes": 0,
  "views": 0,
  "liveUpToDate": true,
  "isLiked": false,
  "resourceData": {
    "draftOrLive": "live",
    "displayName": "resource1",
    "cover": {
      "id": "[id]",
      "kind": "Cover",
      "is_complete": false
    },
    "ageRanges": [],
    "affiliations": [],
    "language": "en-us",
    "categories": [
      "7fe19326-e883-11ea-93f0-5343493c17c4",
      "81c4796a-e883-11ea-93f0-df2484ab6b11"
    ],
    "description": "asdasdasd",
    "createdAt": "2021-03-04T00:46:26.134651Z",
    "lastEdited": "[last_edited]",
    "privacyLevel": "unlisted",
    "locked": false,
    "otherKeywords": "",
    "translatedKeywords": "",
    "translatedDescription": {},
    "additionalResources": "[ids]"
  },
  "adminData": {
    "rating": null,
    "blocked": false,
    "curated": false,
    "premium": false
  }
}
