---
source: tests/integration/jig.rs
expression: body

---
{
  "play_count": 1
}
