---
source: tests/integration/jig.rs
expression: body
---
{
  "id": "[id]",
  "publishedAt": null,
  "creatorId": "1f241e1b-b537-493f-a230-075cb16315be",
  "authorId": "1f241e1b-b537-493f-a230-075cb16315be",
  "authorName": "Bobby Tables",
  "likes": 0,
  "plays": 0,
  "jigFocus": "modules",
  "jigData": {
    "createdAt": "2021-03-04T00:46:26.134651Z",
    "lastEdited": "[last_edited]",
    "draftOrLive": "live",
    "displayName": "name",
    "modules": [],
    "ageRanges": [],
    "affiliations": [],
    "language": "en",
    "categories": [],
    "additionalResources": "[ids]",
    "description": "test description",
    "defaultPlayerSettings": {
      "direction": "ltr",
      "displayScore": true,
      "trackAssessments": true,
      "dragAssist": true
    },
    "theme": "Blank",
    "audioBackground": null,
    "audioEffects": {
      "feedbackPositive": "[audio]",
      "feedbackNegative": "[audio]"
    },
    "privacyLevel": "public",
    "locked": false,
    "otherKeywords": "",
    "translatedKeywords": "",
    "translatedDescription": {}
  },
  "adminData": {
    "rating": null,
    "blocked": false,
    "curated": false
  }
}
